// Jest Snapshot v1, https://goo.gl/fbAQLP

exports[`Square Component should match snapshot 1`] = `ShallowWrapper {}`;
