// Jest Snapshot v1, https://goo.gl/fbAQLP

exports[`Moves Component should match snapshot 1`] = `ShallowWrapper {}`;
