// Jest Snapshot v1, https://goo.gl/fbAQLP

exports[`App Component should match snapshot 1`] = `ShallowWrapper {}`;

exports[`Game should match snapshot 1`] = `ShallowWrapper {}`;
